// Jest Snapshot v1, https://goo.gl/fbAQLP

exports[`Landing page renders the component 1`] = `
<div
  class="MuiContainer-root makeStyles-container-1 MuiContainer-maxWidthXl"
>
  <h2
    class="MuiTypography-root MuiTypography-h6"
  >
    landing.title
  </h2>
  <p>
    landing.introduction.p1
  </p>
  <ul>
    <li>
      landing.introduction.features1
    </li>
    <li>
      landing.introduction.features2
    </li>
    <li>
      landing.introduction.features3
    </li>
    <li>
      landing.introduction.features4
    </li>
    <li>
      landing.introduction.features5
    </li>
    <li>
      landing.introduction.features6
    </li>
    <li>
      landing.introduction.features7
    </li>
  </ul>
</div>
`;
