// Jest Snapshot v1, https://goo.gl/fbAQLP

exports[`Legal page renders the component 1`] = `
<div
  class="MuiGrid-root makeStyles-contentGrid-2 MuiGrid-container MuiGrid-direction-xs-column MuiGrid-align-items-xs-center MuiGrid-justify-xs-center"
>
  <div
    class="MuiGrid-root MuiGrid-item"
  >
    <section
      class="MuiContainer-root MuiContainer-maxWidthMd"
      data-testid="tos"
      id="tos"
    >
      <h2
        class="MuiTypography-root MuiTypography-h5"
      >
        termsOfService.title
      </h2>
      <h3
        class="MuiTypography-root MuiTypography-body1"
      >
        termsOfService.subtitle
      </h3>
      <p
        class="MuiTypography-root MuiTypography-body1"
      >
        termsOfService.p1
      </p>
      <p
        class="MuiTypography-root MuiTypography-body1"
      >
        termsOfService.p2
      </p>
      <p
        class="MuiTypography-root MuiTypography-body1"
      >
        termsOfService.p3
      </p>
    </section>
    <section
      class="MuiContainer-root MuiContainer-maxWidthMd"
      data-testid="medical"
      id="medical"
    >
      <h2
        class="MuiTypography-root MuiTypography-h5"
      >
        medicalDisclaimer.title
      </h2>
      <p
        class="MuiTypography-root MuiTypography-body1"
      >
        medicalDisclaimer.p1
      </p>
    </section>
    <section
      class="MuiContainer-root MuiContainer-maxWidthMd"
      data-testid="privacy"
      id="privacy"
    >
      <h2
        class="MuiTypography-root MuiTypography-h5"
      >
        privacyPolicy.title
      </h2>
      <h3
        class="MuiTypography-root MuiTypography-h6"
      >
        privacyPolicy.p1.title
      </h3>
      <p
        class="MuiTypography-root MuiTypography-body1"
      >
        privacyPolicy.p1.body
      </p>
      <h3
        class="MuiTypography-root MuiTypography-h6"
      >
        privacyPolicy.p2.title
      </h3>
      <p
        class="MuiTypography-root MuiTypography-body1"
      >
        privacyPolicy.p2.body
      </p>
      <h3
        class="MuiTypography-root MuiTypography-h6"
      >
        privacyPolicy.p3.title
      </h3>
      <p
        class="MuiTypography-root MuiTypography-body1"
      >
        <span>
          privacyPolicy.p3.body
        </span>
      </p>
      <h3
        class="MuiTypography-root MuiTypography-h6"
      >
        privacyPolicy.p4.title
      </h3>
      <p
        class="MuiTypography-root MuiTypography-body1"
      >
        privacyPolicy.p4.body
      </p>
      <h3
        class="MuiTypography-root MuiTypography-h6"
      >
        privacyPolicy.p5.title
      </h3>
      <p
        class="MuiTypography-root MuiTypography-body1"
      >
        <span>
          privacyPolicy.p5.body
        </span>
      </p>
    </section>
  </div>
</div>
`;
