// Jest Snapshot v1, https://goo.gl/fbAQLP

exports[`Login page renders the component 1`] = `
<div
  class="MuiContainer-root makeStyles-container-1 MuiContainer-maxWidthXl"
>
  <h2
    class="MuiTypography-root MuiTypography-h6"
  >
    login.title
  </h2>
  This is where the login would be
</div>
`;
