// Jest Snapshot v1, https://goo.gl/fbAQLP

exports[`Landing page renders the component 1`] = `
<div
  class="MuiContainer-root MuiContainer-maxWidthMd"
>
  <div
    class="MuiGrid-root makeStyles-callResponseContainer-2 MuiGrid-container MuiGrid-direction-xs-column"
  >
    <div
      class="MuiGrid-root assistantBubble assistantBubble-question MuiGrid-item"
    >
      <p
        class="MuiTypography-root MuiTypography-h5"
      >
        onboarding.q1
      </p>
    </div>
    <div
      class="MuiGrid-root assistantBubble assistantBubble-response MuiGrid-item"
    >
      <img
        alt=""
        src="[object Object]"
      />
      <p
        class="MuiTypography-root MuiTypography-h5"
      >
        onboarding.a1
      </p>
    </div>
  </div>
</div>
`;
