// Jest Snapshot v1, https://goo.gl/fbAQLP

exports[`SettingsForm component renders the component 1`] = `
<form>
  <label>
    Nightscout URL
    <input
      name="nightscoutUrl"
      value="https://example.com"
    />
  </label>
  <br />
  <label>
    Nightscout Token
    <input
      name="nightscoutToken"
      value="token123"
    />
  </label>
  <br />
  <label>
    Glucose Units
    <select
      name="glucoseUnit"
    >
      <option
        id="mg/dl"
        selected=""
      >
        mg/dl
      </option>
      <option
        id="mmol/L"
      >
        mmol/L
      </option>
    </select>
  </label>
  <br />
  <button
    disabled=""
    type="submit"
  >
    Save Settings
  </button>
</form>
`;

exports[`SettingsForm component submits the form with the correct values 1`] = `
<form>
  <label>
    Nightscout URL
    <input
      name="nightscoutUrl"
      value="https://example.com"
    />
  </label>
  <br />
  <label>
    Nightscout Token
    <input
      name="nightscoutToken"
      value="token123"
    />
  </label>
  <br />
  <label>
    Glucose Units
    <select
      name="glucoseUnit"
    >
      <option
        id="mg/dl"
        selected=""
      >
        mg/dl
      </option>
      <option
        id="mmol/L"
      >
        mmol/L
      </option>
    </select>
  </label>
  <br />
  <button
    disabled=""
    type="submit"
  >
    Save Settings
  </button>
</form>
`;
