// Jest Snapshot v1, https://goo.gl/fbAQLP

exports[`SettingsForm component renders the component 1`] = `
<form
  data-testid="settings-form"
>
  <label>
    settings.form.labels.nightscoutUrl
    <input
      data-testid="settings-form-field-url"
      name="nightscoutUrl"
      value="https://example.com"
    />
  </label>
  <br />
  <label>
    settings.form.labels.nightscoutToken
    <input
      data-testid="settings-form-field-token"
      name="nightscoutToken"
      value="token123"
    />
  </label>
  <br />
  <label>
    settings.form.labels.glucoseUnits
    <select
      data-testid="settings-form-field-bg"
      name="glucoseUnit"
    >
      <option
        id="mg/dl"
        selected=""
      >
        mg/dl
      </option>
      <option
        id="mmol/L"
      >
        mmol/L
      </option>
    </select>
  </label>
  <br />
  <button
    data-testid="settings-form-submit"
    disabled=""
    type="submit"
  >
    settings.form.submitButton
  </button>
</form>
`;
